Archive member included to satisfy reference by file (symbol)

.pio\build\promicro16\lib1c0\libezButton.a(ezButton.cpp.o)
                              .pio\build\promicro16\src\ButtonController.cpp.o (symbol from plugin) (_ZN8ezButtonC1Ei)
.pio\build\promicro16\lib909\libezLED.a(ezLED.cpp.o)
                              .pio\build\promicro16\src\Globals.cpp.o (symbol from plugin) (_ZN5ezLEDC1Eii)
.pio\build\promicro16\lib3a6\libStaticSerialCommands.a(StaticSerialCommands.cpp.o)
                              .pio\build\promicro16\src\main.cpp.o (symbol from plugin) (_ZN14SerialCommands10readSerialEv)
.pio\build\promicro16\lib7c4\libSafeInterrupts.a(SafeInterrupts.cpp.o)
                              .pio\build\promicro16\src\WatchdogController.cpp.o (symbol from plugin) (_ZN14SafeInterrupts9savedSREGE)
.pio\build\promicro16\lib009\libUtilities.a(Utilities.cpp.o)
                              .pio\build\promicro16\src\CommandCallbacks.cpp.o (symbol from plugin) (_ZN9Utilities7printOKER14SerialCommands)
.pio\build\promicro16\lib291\libMemoryUsage.a(MemoryUsage.cpp.o)
                              .pio\build\promicro16\src\StatisticController.cpp.o (symbol from plugin) (_ZN11MemoryUsage10stackPaintEv)
.pio\build\promicro16\lib9c9\libBufferedStreams.a(LoopbackStream.cpp.o)
                              .pio\build\promicro16\src\Globals.cpp.o (symbol from plugin) (_ZN14LoopbackStreamD1Ev)
.pio\build\promicro16\lib9c9\libBufferedStreams.a(PipedStream.cpp.o)
                              .pio\build\promicro16\src\Globals.cpp.o (symbol from plugin) (_ZN15PipedStreamPairC1Ej)
.pio\build\promicro16\lib6bc\libFastPin.a(FastPin.cpp.o)
                              .pio\build\promicro16\src\Globals.cpp.o (symbol from plugin) (_ZN7FastPinC1Ehbb)
.pio\build\promicro16\lib5a7\libHC05.a(HC05.cpp.o)
                              .pio\build\promicro16\src\main.cpp.o (symbol from plugin) (_ZN4HC058sendDataEc)
.pio\build\promicro16\libd58\libPackager.a(CRCPackageInterface.cpp.o)
                              .pio\build\promicro16\src\Globals.cpp.o (symbol from plugin) (_ZN19CRCPackageInterfaceD1Ev)
.pio\build\promicro16\libd58\libPackager.a(DefaultPackageInterface.cpp.o)
                              .pio\build\promicro16\src\Globals.cpp.o (symbol from plugin) (_ZTV23DefaultPackageInterface)
.pio\build\promicro16\libd58\libPackager.a(PackageInterface.cpp.o)
                              CRCPackageInterface.cpp.o (symbol from plugin) (_ZN16PackageInterfaceC2ER15PipedStreamPairj)
.pio\build\promicro16\libcba\libStatistics.a(Statistic.cpp.o)
                              .pio\build\promicro16\src\Globals.cpp.o (symbol from plugin) (_ZN9StatisticC1Ev)
.pio\build\promicro16\lib6f1\libI2C-master.a(I2C.cpp.o)
                              .pio\build\promicro16\src\main.cpp.o (symbol from plugin) (_ZN3I2C5beginEv)
.pio\build\promicro16\libFrameworkArduino.a(CDC.cpp.o)
                              .pio\build\promicro16\src\main.cpp.o (symbol from plugin) (_ZN7Serial_5flushEv)
.pio\build\promicro16\libFrameworkArduino.a(Print.cpp.o)
                              .pio\build\promicro16\src\Globals.cpp.o (symbol from plugin) (_ZN5Print5writeEPKhj)
.pio\build\promicro16\libFrameworkArduino.a(USBCore.cpp.o)
                              CDC.cpp.o (symbol from plugin) (_Z13USB_Availableh)
.pio\build\promicro16\libFrameworkArduino.a(WMath.cpp.o)
                              ezLED.cpp.o (symbol from plugin) (_Z3maplllll)
.pio\build\promicro16\libFrameworkArduino.a(WString.cpp.o)
                              HC05.cpp.o (symbol from plugin) (_ZN6StringD1Ev)
.pio\build\promicro16\libFrameworkArduino.a(abi.cpp.o)
                              .pio\build\promicro16\src\Globals.cpp.o (symbol from plugin) (__cxa_pure_virtual)
.pio\build\promicro16\libFrameworkArduino.a(main.cpp.o)
                              c:/users/aykut/.platformio/packages/toolchain-atmelavr/bin/../lib/gcc/avr/7.3.0/../../../../avr/lib/avr5/crtatmega32u4.o (main)
.pio\build\promicro16\libFrameworkArduino.a(new.cpp.o)
                              HC05.cpp.o (symbol from plugin) (_Znwj)
.pio\build\promicro16\libFrameworkArduino.a(wiring.c.o)
                              .pio\build\promicro16\src\ButtonController.cpp.o (symbol from plugin) (millis)
.pio\build\promicro16\libFrameworkArduino.a(wiring_analog.c.o)
                              ezLED.cpp.o (symbol from plugin) (analogWrite)
.pio\build\promicro16\libFrameworkArduino.a(wiring_digital.c.o)
                              ezButton.cpp.o (symbol from plugin) (pinMode)
.pio\build\promicro16\libFrameworkArduino.a(PluggableUSB.cpp.o)
                              USBCore.cpp.o (symbol from plugin) (_ZN13PluggableUSB_12getInterfaceEPh)
.pio\build\promicro16\libFrameworkArduino.a(hooks.c.o)
                              wiring.c.o (symbol from plugin) (yield)
c:/users/aykut/.platformio/packages/toolchain-atmelavr/bin/../lib/gcc/avr/7.3.0/avr5\libgcc.a(_exit.o)
[...]
Memory Configuration

Name             Origin             Length             Attributes
text             0x00000000         0x00020000         xr
data             0x00800060         0x0000ffa0         rw !x
eeprom           0x00810000         0x00010000         rw !x
fuse             0x00820000         0x00000003         rw !x
lock             0x00830000         0x00000400         rw !x
signature        0x00840000         0x00000400         rw !x
user_signatures  0x00850000         0x00000400         rw !x
*default*        0x00000000         0xffffffff

Linker script and memory map

Address of section .data set to 0x800100
LOAD c:/users/aykut/.platformio/packages/toolchain-atmelavr/bin/../lib/gcc/avr/7.3.0/../../../../avr/lib/avr5/crtatmega32u4.o
LOAD .pio\build\promicro16\src\ButtonController.cpp.o
LOAD C:\Users\aykut\AppData\Local\Temp\cc3qjDMb.ltrans0.ltrans.o
LOAD .pio\build\promicro16\src\CommandCallbacks.cpp.o
LOAD .pio\build\promicro16\src\EEPROMController.cpp.o
LOAD .pio\build\promicro16\src\Globals.cpp.o
LOAD .pio\build\promicro16\src\KeyboardController.cpp.o
LOAD .pio\build\promicro16\src\LEDController.cpp.o
LOAD .pio\build\promicro16\src\StatisticController.cpp.o
LOAD .pio\build\promicro16\src\WatchdogController.cpp.o
LOAD .pio\build\promicro16\src\main.cpp.o
START GROUP
LOAD .pio\build\promicro16\lib1c0\libezButton.a
LOAD .pio\build\promicro16\lib909\libezLED.a
LOAD .pio\build\promicro16\libdd1\libWire.a
LOAD .pio\build\promicro16\lib3a6\libStaticSerialCommands.a
LOAD .pio\build\promicro16\lib52a\libSimpleTimer.a
LOAD .pio\build\promicro16\lib7c4\libSafeInterrupts.a
LOAD .pio\build\promicro16\lib009\libUtilities.a
LOAD .pio\build\promicro16\lib291\libMemoryUsage.a
LOAD .pio\build\promicro16\lib9c9\libBufferedStreams.a
LOAD .pio\build\promicro16\lib32a\libSoftwareSerial.a
LOAD .pio\build\promicro16\lib6bc\libFastPin.a
LOAD .pio\build\promicro16\lib5a7\libHC05.a
LOAD .pio\build\promicro16\libd58\libPackager.a
LOAD .pio\build\promicro16\libcba\libStatistics.a
LOAD .pio\build\promicro16\lib6f1\libI2C-master.a
LOAD .pio\build\promicro16\libFrameworkArduinoVariant.a
LOAD .pio\build\promicro16\libFrameworkArduino.a
END GROUP
LOAD c:/users/aykut/.platformio/packages/toolchain-atmelavr/bin/../lib/gcc/avr/7.3.0/avr5\libgcc.a
LOAD c:/users/aykut/.platformio/packages/toolchain-atmelavr/bin/../lib/gcc/avr/7.3.0/../../../../avr/lib/avr5\libm.a
START GROUP
LOAD c:/users/aykut/.platformio/packages/toolchain-atmelavr/bin/../lib/gcc/avr/7.3.0/avr5\libgcc.a
LOAD c:/users/aykut/.platformio/packages/toolchain-atmelavr/bin/../lib/gcc/avr/7.3.0/../../../../avr/lib/avr5\libm.a
LOAD c:/users/aykut/.platformio/packages/toolchain-atmelavr/bin/../lib/gcc/avr/7.3.0/../../../../avr/lib/avr5\libc.a
LOAD c:/users/aykut/.platformio/packages/toolchain-atmelavr/bin/../lib/gcc/avr/7.3.0/../../../../avr/lib/avr5\libatmega32u4.a
END GROUP
                0x00020000                __TEXT_REGION_LENGTH__ = DEFINED (__TEXT_REGION_LENGTH__)?__TEXT_REGION_LENGTH__:0x20000
                0x0000ffa0                __DATA_REGION_LENGTH__ = DEFINED (__DATA_REGION_LENGTH__)?__DATA_REGION_LENGTH__:0xffa0
                0x00010000                __EEPROM_REGION_LENGTH__ = DEFINED (__EEPROM_REGION_LENGTH__)?__EEPROM_REGION_LENGTH__:0x10000
                [0x00000003]                __FUSE_REGION_LENGTH__ = DEFINED (__FUSE_REGION_LENGTH__)?__FUSE_REGION_LENGTH__:0x400
                0x00000400                __LOCK_REGION_LENGTH__ = DEFINED (__LOCK_REGION_LENGTH__)?__LOCK_REGION_LENGTH__:0x400
                0x00000400                __SIGNATURE_REGION_LENGTH__ = DEFINED (__SIGNATURE_REGION_LENGTH__)?__SIGNATURE_REGION_LENGTH__:0x400
                0x00000400                __USER_SIGNATURE_REGION_LENGTH__ = DEFINED (__USER_SIGNATURE_REGION_LENGTH__)?__USER_SIGNATURE_REGION_LENGTH__:0x400

.hash
 *(.hash)

.dynsym
 *(.dynsym)

.dynstr
 *(.dynstr)

.gnu.version
 *(.gnu.version)

.gnu.version_d
 *(.gnu.version_d)

.gnu.version_r
 *(.gnu.version_r)

.rel.init
 *(.rel.init)

.rela.init
 *(.rela.init)

.rel.text
 *(.rel.text)
 *(.rel.text.*)
 *(.rel.gnu.linkonce.t*)

.rela.text
 *(.rela.text)
 *(.rela.text.*)
 *(.rela.gnu.linkonce.t*)

.rel.fini
 *(.rel.fini)

.rela.fini
 *(.rela.fini)

.rel.rodata
 *(.rel.rodata)
 *(.rel.rodata.*)
 *(.rel.gnu.linkonce.r*)

.rela.rodata
 *(.rela.rodata)
 *(.rela.rodata.*)
 *(.rela.gnu.linkonce.r*)

.rel.data
 *(.rel.data)
 *(.rel.data.*)
 *(.rel.gnu.linkonce.d*)

.rela.data
 *(.rela.data)
 *(.rela.data.*)
 *(.rela.gnu.linkonce.d*)

.rel.ctors
 *(.rel.ctors)

.rela.ctors
 *(.rela.ctors)

.rel.dtors
 *(.rel.dtors)

.rela.dtors
 *(.rela.dtors)

.rel.got
 *(.rel.got)

.rela.got
 *(.rela.got)

.rel.bss
 *(.rel.bss)

.rela.bss
 *(.rela.bss)

.rel.plt
 *(.rel.plt)

.rela.plt
 *(.rela.plt)

.text           0x00000000     0x6b4c
 *(.vectors)
 .vectors       0x00000000       0xac c:/users/aykut/.platformio/packages/toolchain-atmelavr/bin/../lib/gcc/avr/7.3.0/../../../../avr/lib/avr5/crtatmega32u4.o
                0x00000000                __vector_default
                0x00000000                __vectors
 *(.vectors)
 *(.progmem.gcc*)
                0x000000ac                . = ALIGN (0x2)
                0x000000ac                __trampolines_start = .
 *(.trampolines)
 .trampolines   0x000000ac        0x0 linker stubs
 *(.trampolines*)
                0x000000ac                __trampolines_end = .
 *libprintf_flt.a:*(.progmem.data)
 *libc.a:*(.progmem.data)
 .progmem.data  0x000000ac       0x3b c:/users/aykut/.platformio/packages/toolchain-atmelavr/bin/../lib/gcc/avr/7.3.0/../../../../avr/lib/avr5\libc.a(strtod.o)
 *(.progmem*)
 .progmem.data.str1.1
                0x000000e7      0x539 C:\Users\aykut\AppData\Local\Temp\cc3qjDMb.ltrans0.ltrans.o
                                0x546 (size before relaxing)
 .progmem.data  0x00000620      0x2da C:\Users\aykut\AppData\Local\Temp\cc3qjDMb.ltrans0.ltrans.o
                0x000008fa                . = ALIGN (0x2)
 *(.jumptables)
 *(.jumptables*)
 *(.lowtext)
 *(.lowtext*)
                0x000008fa                __ctors_start = .
 *(.ctors)
 .ctors         0x000008fa        0x2 C:\Users\aykut\AppData\Local\Temp\cc3qjDMb.ltrans0.ltrans.o
                0x000008fc                __ctors_end = .
                0x000008fc                __dtors_start = .
 *(.dtors)
 .dtors         0x000008fc        0x2 C:\Users\aykut\AppData\Local\Temp\cc3qjDMb.ltrans0.ltrans.o
                0x000008fe                __dtors_end = .
 SORT(*)(.ctors)
 SORT(*)(.dtors)
 *(.init0)
 .init0         0x000008fe        0x0 c:/users/aykut/.platformio/packages/toolchain-atmelavr/bin/../lib/gcc/avr/7.3.0/../../../../avr/lib/avr5/crtatmega32u4.o
                0x000008fe                __init
 *(.init0)
 *(.init1)
 *(.init1)
 *(.init2)
 .init2         0x000008fe        0xc c:/users/aykut/.platformio/packages/toolchain-atmelavr/bin/../lib/gcc/avr/7.3.0/../../../../avr/lib/avr5/crtatmega32u4.o
 *(.init2)
 *(.init3)
 *(.init3)
 *(.init4)
 .init4         0x0000090a       0x16 c:/users/aykut/.platformio/packages/toolchain-atmelavr/bin/../lib/gcc/avr/7.3.0/avr5\libgcc.a(_copy_data.o)
                0x0000090a                __do_copy_data
 .init4         0x00000920       0x10 c:/users/aykut/.platformio/packages/toolchain-atmelavr/bin/../lib/gcc/avr/7.3.0/avr5\libgcc.a(_clear_bss.o)
                0x00000920                __do_clear_bss
 *(.init4)
 *(.init5)
 *(.init5)
 *(.init6)
 .init6         0x00000930       0x16 c:/users/aykut/.platformio/packages/toolchain-atmelavr/bin/../lib/gcc/avr/7.3.0/avr5\libgcc.a(_ctors.o)
                0x00000930                __do_global_ctors
 *(.init6)
 *(.init7)
 *(.init7)
 *(.init8)
 *(.init8)
 *(.init9)
 .init9         0x00000946        0x8 c:/users/aykut/.platformio/packages/toolchain-atmelavr/bin/../lib/gcc/avr/7.3.0/../../../../avr/lib/avr5/crtatmega32u4.o
 *(.init9)
 *(.text)
 .text          0x0000094e        0x4 c:/users/aykut/.platformio/packages/toolchain-atmelavr/bin/../lib/gcc/avr/7.3.0/../../../../avr/lib/avr5/crtatmega32u4.o
                0x0000094e                __vector_38
                0x0000094e                __vector_22
                0x0000094e                __vector_28
                0x0000094e                __vector_1
                0x0000094e                __vector_32
                0x0000094e                __vector_34
                0x0000094e                __vector_24
                0x0000094e                __bad_interrupt
                0x0000094e                __vector_6
                0x0000094e                __vector_31
                0x0000094e                __vector_35
                0x0000094e                __vector_39
                0x0000094e                __vector_3
                0x0000094e                __vector_30
                0x0000094e                __vector_25
                0x0000094e                __vector_13
                0x0000094e                __vector_19
                0x0000094e                __vector_7
                0x0000094e                __vector_41
                0x0000094e                __vector_27
                0x0000094e                __vector_5
                0x0000094e                __vector_33
                0x0000094e                __vector_37
                0x0000094e                __vector_4
                0x0000094e                __vector_9
                0x0000094e                __vector_2
                0x0000094e                __vector_21
                0x0000094e                __vector_15
                0x0000094e                __vector_36
                0x0000094e                __vector_29
                0x0000094e                __vector_40
                0x0000094e                __vector_8
                0x0000094e                __vector_26
                0x0000094e                __vector_14
                0x0000094e                __vector_16
                0x0000094e                __vector_18
                0x0000094e                __vector_20
                0x0000094e                __vector_42
 .text          0x00000952     0x3c64 C:\Users\aykut\AppData\Local\Temp\cc3qjDMb.ltrans0.ltrans.o
                0x00003e6c                __vector_23
                0x00003f00                __vector_10
                0x00003ffa                __vector_11
                0x0000445e                __vector_17
                0x00004596                __vector_12
                0x000045b6                . = ALIGN (0x2)
 *(.text.*)
 .text.startup  0x000045b6     0x188a C:\Users\aykut\AppData\Local\Temp\cc3qjDMb.ltrans0.ltrans.o
                0x00004e06                main
 .text.unlikely
                0x00005e40       0x62 C:\Users\aykut\AppData\Local\Temp\cc3qjDMb.ltrans0.ltrans.o
 .text.exit     0x00005ea2       0x56 C:\Users\aykut\AppData\Local\Temp\cc3qjDMb.ltrans0.ltrans.o
 .text.avr-libc
                0x00005ef8      0x24a c:/users/aykut/.platformio/packages/toolchain-atmelavr/bin/../lib/gcc/avr/7.3.0/../../../../avr/lib/avr5\libc.a(malloc.o)
                0x00005ef8                malloc
                0x00006030                free
 .text.avr-libc
                0x00006142       0xb8 c:/users/aykut/.platformio/packages/toolchain-atmelavr/bin/../lib/gcc/avr/7.3.0/../../../../avr/lib/avr5\libc.a(rand.o)
                0x000061d4                rand_r
                0x000061da                rand
                0x000061e4                srand
 .text.avr-libc
                0x000061fa      0x2a0 c:/users/aykut/.platformio/packages/toolchain-atmelavr/bin/../lib/gcc/avr/7.3.0/../../../../avr/lib/avr5\libc.a(strtod.o)
                0x000061fa                strtod
 .text.avr-libc
                0x0000649a       0x12 c:/users/aykut/.platformio/packages/toolchain-atmelavr/bin/../lib/gcc/avr/7.3.0/../../../../avr/lib/avr5\libc.a(isspace.o)
                0x0000649a                isspace
 .text.avr-libc
                0x000064ac       0x1a c:/users/aykut/.platformio/packages/toolchain-atmelavr/bin/../lib/gcc/avr/7.3.0/../../../../avr/lib/avr5\libc.a(memcmp_P.o)
                0x000064ac                memcmp_P
 .text.avr-libc
                0x000064c6       0x12 c:/users/aykut/.platformio/packages/toolchain-atmelavr/bin/../lib/gcc/avr/7.3.0/../../../../avr/lib/avr5\libc.a(memcpy_P.o)
                0x000064c6                memcpy_P
 .text.avr-libc
                0x000064d8       0x30 c:/users/aykut/.platformio/packages/toolchain-atmelavr/bin/../lib/gcc/avr/7.3.0/../../../../avr/lib/avr5\libc.a(strncasecmp_P.o)
                0x000064d8                strncasecmp_P
 .text.avr-libc
                0x00006508       0x16 c:/users/aykut/.platformio/packages/toolchain-atmelavr/bin/../lib/gcc/avr/7.3.0/../../../../avr/lib/avr5\libc.a(strnlen_P.o)
                0x00006508                strnlen_P
 .text.avr-libc.fplib
                0x0000651e        0xa c:/users/aykut/.platformio/packages/toolchain-atmelavr/bin/../lib/gcc/avr/7.3.0/../../../../avr/lib/avr5\libc.a(cmpsf2.o)
                0x0000651e                __nesf2
                0x0000651e                __eqsf2
                0x0000651e                __cmpsf2
                0x0000651e                __ltsf2
                0x0000651e                __lesf2
 .text.avr-libc.fplib
                0x00006528       0x7a c:/users/aykut/.platformio/packages/toolchain-atmelavr/bin/../lib/gcc/avr/7.3.0/../../../../avr/lib/avr5\libc.a(floatsisf.o)
                0x00006528                __floatunsisf
                0x0000652c                __floatsisf
 .text.avr-libc.fplib
                0x000065a2       0x48 c:/users/aykut/.platformio/packages/toolchain-atmelavr/bin/../lib/gcc/avr/7.3.0/../../../../avr/lib/avr5\libc.a(fp_cmp.o)
                0x000065a2                __fp_cmp
 .text.avr-libc.fplib
                0x000065ea        0x8 c:/users/aykut/.platformio/packages/toolchain-atmelavr/bin/../lib/gcc/avr/7.3.0/../../../../avr/lib/avr5\libc.a(mulsf3.o)
                0x000065ea                __mulsf3
 .text.avr-libc.fplib
                0x000065f2       0xd2 c:/users/aykut/.platformio/packages/toolchain-atmelavr/bin/../lib/gcc/avr/7.3.0/../../../../avr/lib/avr5\libc.a(mulsf3x.o)
                0x00006610                __mulsf3x
                0x00006616                __mulsf3_pse
 .text.avr-libc
                0x000066c4        0x6 c:/users/aykut/.platformio/packages/toolchain-atmelavr/bin/../lib/gcc/avr/7.3.0/../../../../avr/lib/avr5\libc.a(cty_isfalse.o)
                0x000066c4                __ctype_isfalse
                0x000066c8                __ctype_istrue
 .text.avr-libc.fplib
                0x000066ca        0xc c:/users/aykut/.platformio/packages/toolchain-atmelavr/bin/../lib/gcc/avr/7.3.0/../../../../avr/lib/avr5\libc.a(fp_inf.o)
                0x000066ca                __fp_inf
 .text.avr-libc.fplib
                0x000066d6        0x6 c:/users/aykut/.platformio/packages/toolchain-atmelavr/bin/../lib/gcc/avr/7.3.0/../../../../avr/lib/avr5\libc.a(fp_nan.o)
                0x000066d6                __fp_nan
 .text.avr-libc.fplib
                0x000066dc        0xe c:/users/aykut/.platformio/packages/toolchain-atmelavr/bin/../lib/gcc/avr/7.3.0/../../../../avr/lib/avr5\libc.a(fp_pscA.o)
                0x000066dc                __fp_pscA
 .text.avr-libc.fplib
                0x000066ea        0xe c:/users/aykut/.platformio/packages/toolchain-atmelavr/bin/../lib/gcc/avr/7.3.0/../../../../avr/lib/avr5\libc.a(fp_pscB.o)
                0x000066ea                __fp_pscB
 .text.avr-libc.fplib
                0x000066f8       0x22 c:/users/aykut/.platformio/packages/toolchain-atmelavr/bin/../lib/gcc/avr/7.3.0/../../../../avr/lib/avr5\libc.a(fp_round.o)
                0x000066f8                __fp_round
 .text.avr-libc.fplib
                0x0000671a       0x44 c:/users/aykut/.platformio/packages/toolchain-atmelavr/bin/../lib/gcc/avr/7.3.0/../../../../avr/lib/avr5\libc.a(fp_split3.o)
                0x0000671a                __fp_split3
                0x0000672a                __fp_splitA
 .text.avr-libc.fplib
                0x0000675e        0xe c:/users/aykut/.platformio/packages/toolchain-atmelavr/bin/../lib/gcc/avr/7.3.0/../../../../avr/lib/avr5\libc.a(fp_zero.o)
                0x0000675e                __fp_zero
                0x00006760                __fp_szero
 .text.avr-libc
                0x0000676c       0x10 c:/users/aykut/.platformio/packages/toolchain-atmelavr/bin/../lib/gcc/avr/7.3.0/../../../../avr/lib/avr5\libatmega32u4.a(eerd_byte.o)
                0x0000676c                eeprom_read_byte
 .text.avr-libc
                0x0000677c       0x1c c:/users/aykut/.platformio/packages/toolchain-atmelavr/bin/../lib/gcc/avr/7.3.0/../../../../avr/lib/avr5\libatmega32u4.a(eewr_byte.o)
                0x0000677c                eeprom_write_byte
                0x0000677e                eeprom_write_r18
 .text.libgcc.div
                0x00006798       0x2e c:/users/aykut/.platformio/packages/toolchain-atmelavr/bin/../lib/gcc/avr/7.3.0/avr5\libgcc.a(_divmodsi4.o)
                0x00006798                __divmodsi4
 .text.libgcc.div
                0x000067c6       0x10 c:/users/aykut/.platformio/packages/toolchain-atmelavr/bin/../lib/gcc/avr/7.3.0/avr5\libgcc.a(_negsi2.o)
                0x000067c6                __negsi2
 .text.libgcc.mul
                0x000067d6       0x16 c:/users/aykut/.platformio/packages/toolchain-atmelavr/bin/../lib/gcc/avr/7.3.0/avr5\libgcc.a(_muluhisi3.o)
                0x000067d6                __muluhisi3
 .text.libgcc.mul
                0x000067ec       0x10 c:/users/aykut/.platformio/packages/toolchain-atmelavr/bin/../lib/gcc/avr/7.3.0/avr5\libgcc.a(_mulshisi3.o)
                0x000067ec                __mulshisi3
                0x000067f2                __mulohisi3
 .text.libgcc.prologue
                0x000067fc       0x38 c:/users/aykut/.platformio/packages/toolchain-atmelavr/bin/../lib/gcc/avr/7.3.0/avr5\libgcc.a(_prologue.o)
                0x000067fc                __prologue_saves__
 .text.libgcc.prologue
                0x00006834       0x36 c:/users/aykut/.platformio/packages/toolchain-atmelavr/bin/../lib/gcc/avr/7.3.0/avr5\libgcc.a(_epilogue.o)
                0x00006834                __epilogue_restores__
 .text.libgcc.div
                0x0000686a       0x44 c:/users/aykut/.platformio/packages/toolchain-atmelavr/bin/../lib/gcc/avr/7.3.0/avr5\libgcc.a(_udivmodsi4.o)
                0x0000686a                __udivmodsi4
 .text.libgcc.mul
                0x000068ae       0x1e c:/users/aykut/.platformio/packages/toolchain-atmelavr/bin/../lib/gcc/avr/7.3.0/avr5\libgcc.a(_umulhisi3.o)
                0x000068ae                __umulhisi3
 .text.libgcc.mul
                0x000068cc       0x20 c:/users/aykut/.platformio/packages/toolchain-atmelavr/bin/../lib/gcc/avr/7.3.0/avr5\libgcc.a(_mulsi3.o)
                0x000068cc                __mulsi3
 .text.libgcc.div
                0x000068ec       0x28 c:/users/aykut/.platformio/packages/toolchain-atmelavr/bin/../lib/gcc/avr/7.3.0/avr5\libgcc.a(_udivmodhi4.o)
                0x000068ec                __udivmodhi4
 .text.libgcc.div
                0x00006914       0x28 c:/users/aykut/.platformio/packages/toolchain-atmelavr/bin/../lib/gcc/avr/7.3.0/avr5\libgcc.a(_divmodhi4.o)
                0x00006914                _div
                0x00006914                __divmodhi4
 .text.libgcc   0x0000693c        0xc c:/users/aykut/.platformio/packages/toolchain-atmelavr/bin/../lib/gcc/avr/7.3.0/avr5\libgcc.a(_tablejump2.o)
                0x0000693c                __tablejump2__
 .text.libgcc.builtins
                0x00006948       0x18 c:/users/aykut/.platformio/packages/toolchain-atmelavr/bin/../lib/gcc/avr/7.3.0/avr5\libgcc.a(_parityhi2.o)
                0x00006948                __parityhi2
                0x0000694a                __parityqi2
 .text.libgcc   0x00006960       0x12 c:/users/aykut/.platformio/packages/toolchain-atmelavr/bin/../lib/gcc/avr/7.3.0/avr5\libgcc.a(_adddi3.o)
                0x00006960                __adddi3
 .text.libgcc   0x00006972       0x12 c:/users/aykut/.platformio/packages/toolchain-atmelavr/bin/../lib/gcc/avr/7.3.0/avr5\libgcc.a(_cmpdi2.o)
                0x00006972                __cmpdi2
 .text.avr-libc.fplib
                0x00006984        0xa c:/users/aykut/.platformio/packages/toolchain-atmelavr/bin/../lib/gcc/avr/7.3.0/../../../../avr/lib/avr5\libm.a(gesf2.o)
                0x00006984                __gesf2
                0x00006984                __gtsf2
 .text.avr-libc
                0x0000698e      0x17a c:/users/aykut/.platformio/packages/toolchain-atmelavr/bin/../lib/gcc/avr/7.3.0/../../../../avr/lib/avr5\libc.a(realloc.o)
                0x0000698e                realloc
 .text.avr-libc
                0x00006b08        0xa c:/users/aykut/.platformio/packages/toolchain-atmelavr/bin/../lib/gcc/avr/7.3.0/../../../../avr/lib/avr5\libc.a(abort.o)
                0x00006b08                abort
 .text.avr-libc
                0x00006b12       0x12 c:/users/aykut/.platformio/packages/toolchain-atmelavr/bin/../lib/gcc/avr/7.3.0/../../../../avr/lib/avr5\libc.a(memcpy.o)
                0x00006b12                memcpy
 .text.avr-libc
                0x00006b24        0xe c:/users/aykut/.platformio/packages/toolchain-atmelavr/bin/../lib/gcc/avr/7.3.0/../../../../avr/lib/avr5\libc.a(strcpy.o)
                0x00006b24                strcpy
                0x00006b32                . = ALIGN (0x2)
 *(.fini9)
 .fini9         0x00006b32        0x0 c:/users/aykut/.platformio/packages/toolchain-atmelavr/bin/../lib/gcc/avr/7.3.0/avr5\libgcc.a(_exit.o)
                0x00006b32                _exit
                0x00006b32                exit
 *(.fini9)
 *(.fini8)
 *(.fini8)
 *(.fini7)
 *(.fini7)
 *(.fini6)
 .fini6         0x00006b32       0x16 c:/users/aykut/.platformio/packages/toolchain-atmelavr/bin/../lib/gcc/avr/7.3.0/avr5\libgcc.a(_dtors.o)
                0x00006b32                __do_global_dtors
 *(.fini6)
 *(.fini5)
 *(.fini5)
 *(.fini4)
 *(.fini4)
 *(.fini3)
 *(.fini3)
 *(.fini2)
 *(.fini2)
 *(.fini1)
 *(.fini1)
 *(.fini0)
 .fini0         0x00006b48        0x4 c:/users/aykut/.platformio/packages/toolchain-atmelavr/bin/../lib/gcc/avr/7.3.0/avr5\libgcc.a(_exit.o)
 *(.fini0)
                0x00006b4c                _etext = .

.data           0x00800100       0x96 load address 0x00006b4c
                0x00800100                PROVIDE (__data_start, .)
 *(.data)
 .data          0x00800100       0x15 C:\Users\aykut\AppData\Local\Temp\cc3qjDMb.ltrans0.ltrans.o
 .data          0x00800115        0x6 c:/users/aykut/.platformio/packages/toolchain-atmelavr/bin/../lib/gcc/avr/7.3.0/../../../../avr/lib/avr5\libc.a(malloc.o)
                0x00800115                __malloc_heap_end
                0x00800117                __malloc_heap_start
                0x00800119                __malloc_margin
 .data          0x0080011b        0x4 c:/users/aykut/.platformio/packages/toolchain-atmelavr/bin/../lib/gcc/avr/7.3.0/../../../../avr/lib/avr5\libc.a(rand.o)
 *(.data*)
 *(.gnu.linkonce.d*)
 *(.rodata)
 .rodata        0x0080011f       0x73 C:\Users\aykut\AppData\Local\Temp\cc3qjDMb.ltrans0.ltrans.o
 *(.rodata*)
 .rodata.str1.1
                0x00800192        0x3 C:\Users\aykut\AppData\Local\Temp\cc3qjDMb.ltrans0.ltrans.o
 *(.gnu.linkonce.r*)
                0x00800196                . = ALIGN (0x2)
 *fill*         0x00800195        0x1 
                0x00800196                _edata = .
                0x00800196                PROVIDE (__data_end, .)

.bss            0x00800196      0x44b
                0x00800196                PROVIDE (__bss_start, .)
 *(.bss)
 .bss           0x00800196      0x445 C:\Users\aykut\AppData\Local\Temp\cc3qjDMb.ltrans0.ltrans.o
 *(.bss*)
 *(COMMON)
 COMMON         0x008005db        0x4 c:/users/aykut/.platformio/packages/toolchain-atmelavr/bin/../lib/gcc/avr/7.3.0/../../../../avr/lib/avr5\libc.a(malloc.o)
                0x008005db                __brkval
                0x008005dd                __flp
 COMMON         0x008005df        0x2 c:/users/aykut/.platformio/packages/toolchain-atmelavr/bin/../lib/gcc/avr/7.3.0/../../../../avr/lib/avr5\libc.a(errno.o)
                0x008005df                errno
                0x008005e1                PROVIDE (__bss_end, .)
                0x00006b4c                __data_load_start = LOADADDR (.data)
                0x00006be2                __data_load_end = (__data_load_start + SIZEOF (.data))

.noinit         0x008005e1        0x1
                [!provide]                PROVIDE (__noinit_start, .)
 *(.noinit*)
 .noinit        0x008005e1        0x1 C:\Users\aykut\AppData\Local\Temp\cc3qjDMb.ltrans0.ltrans.o
                [!provide]                PROVIDE (__noinit_end, .)
                0x008005e2                _end = .
                0x008005e2                PROVIDE (__heap_start, .)

.eeprom         0x00810000        0x0
 *(.eeprom*)
                0x00810000                __eeprom_end = .

.fuse
 *(.fuse)
 *(.lfuse)
 *(.hfuse)
 *(.efuse)

.lock
 *(.lock*)

.signature
 *(.signature*)

.user_signatures
 *(.user_signatures*)

.stab
 *(.stab)

.stabstr
 *(.stabstr)

.stab.excl
 *(.stab.excl)

.stab.exclstr
 *(.stab.exclstr)

.stab.index
 *(.stab.index)

.stab.indexstr
 *(.stab.indexstr)

.comment        0x00000000       0x11
 *(.comment)
 .comment       0x00000000       0x12 C:\Users\aykut\AppData\Local\Temp\cc3qjDMb.ltrans0.ltrans.o
 .comment       0x00000000       0x11 c:/users/aykut/.platformio/packages/toolchain-atmelavr/bin/../lib/gcc/avr/7.3.0/../../../../avr/lib/avr5\libc.a(malloc.o)
                                 0x12 (size before relaxing)
 .comment       0x00000011       0x12 c:/users/aykut/.platformio/packages/toolchain-atmelavr/bin/../lib/gcc/avr/7.3.0/../../../../avr/lib/avr5\libc.a(rand.o)
 .comment       0x00000011       0x12 c:/users/aykut/.platformio/packages/toolchain-atmelavr/bin/../lib/gcc/avr/7.3.0/../../../../avr/lib/avr5\libc.a(strtod.o)
 .comment       0x00000011       0x12 c:/users/aykut/.platformio/packages/toolchain-atmelavr/bin/../lib/gcc/avr/7.3.0/../../../../avr/lib/avr5\libc.a(errno.o)
 .comment       0x00000011       0x12 c:/users/aykut/.platformio/packages/toolchain-atmelavr/bin/../lib/gcc/avr/7.3.0/../../../../avr/lib/avr5\libc.a(realloc.o)

.note.gnu.avr.deviceinfo
                0x00000000       0x40
 .note.gnu.avr.deviceinfo
                0x00000000       0x40 c:/users/aykut/.platformio/packages/toolchain-atmelavr/bin/../lib/gcc/avr/7.3.0/../../../../avr/lib/avr5/crtatmega32u4.o

.note.gnu.build-id
 *(.note.gnu.build-id)

.debug
 *(.debug)

.line
 *(.line)

.debug_srcinfo
 *(.debug_srcinfo)

.debug_sfnames
 *(.debug_sfnames)

.debug_aranges  0x00000000      0x280
 *(.debug_aranges)
 .debug_aranges
                0x00000000       0x20 c:/users/aykut/.platformio/packages/toolchain-atmelavr/bin/../lib/gcc/avr/7.3.0/avr5\libgcc.a(_exit.o)
 .debug_aranges
                0x00000020       0x20 c:/users/aykut/.platformio/packages/toolchain-atmelavr/bin/../lib/gcc/avr/7.3.0/avr5\libgcc.a(_divmodsi4.o)
 .debug_aranges
                0x00000040       0x20 c:/users/aykut/.platformio/packages/toolchain-atmelavr/bin/../lib/gcc/avr/7.3.0/avr5\libgcc.a(_negsi2.o)
 .debug_aranges
                0x00000060       0x20 c:/users/aykut/.platformio/packages/toolchain-atmelavr/bin/../lib/gcc/avr/7.3.0/avr5\libgcc.a(_copy_data.o)
 .debug_aranges
                0x00000080       0x20 c:/users/aykut/.platformio/packages/toolchain-atmelavr/bin/../lib/gcc/avr/7.3.0/avr5\libgcc.a(_clear_bss.o)
 .debug_aranges
                0x000000a0       0x20 c:/users/aykut/.platformio/packages/toolchain-atmelavr/bin/../lib/gcc/avr/7.3.0/avr5\libgcc.a(_muluhisi3.o)
 .debug_aranges
                0x000000c0       0x20 c:/users/aykut/.platformio/packages/toolchain-atmelavr/bin/../lib/gcc/avr/7.3.0/avr5\libgcc.a(_mulshisi3.o)
 .debug_aranges
                0x000000e0       0x20 c:/users/aykut/.platformio/packages/toolchain-atmelavr/bin/../lib/gcc/avr/7.3.0/avr5\libgcc.a(_prologue.o)
 .debug_aranges
                0x00000100       0x20 c:/users/aykut/.platformio/packages/toolchain-atmelavr/bin/../lib/gcc/avr/7.3.0/avr5\libgcc.a(_epilogue.o)
 .debug_aranges
                0x00000120       0x20 c:/users/aykut/.platformio/packages/toolchain-atmelavr/bin/../lib/gcc/avr/7.3.0/avr5\libgcc.a(_udivmodsi4.o)
 .debug_aranges
                0x00000140       0x20 c:/users/aykut/.platformio/packages/toolchain-atmelavr/bin/../lib/gcc/avr/7.3.0/avr5\libgcc.a(_umulhisi3.o)
 .debug_aranges
                0x00000160       0x20 c:/users/aykut/.platformio/packages/toolchain-atmelavr/bin/../lib/gcc/avr/7.3.0/avr5\libgcc.a(_mulsi3.o)
 .debug_aranges
                0x00000180       0x20 c:/users/aykut/.platformio/packages/toolchain-atmelavr/bin/../lib/gcc/avr/7.3.0/avr5\libgcc.a(_udivmodhi4.o)
 .debug_aranges
                0x000001a0       0x20 c:/users/aykut/.platformio/packages/toolchain-atmelavr/bin/../lib/gcc/avr/7.3.0/avr5\libgcc.a(_divmodhi4.o)
 .debug_aranges
                0x000001c0       0x20 c:/users/aykut/.platformio/packages/toolchain-atmelavr/bin/../lib/gcc/avr/7.3.0/avr5\libgcc.a(_tablejump2.o)
 .debug_aranges
                0x000001e0       0x20 c:/users/aykut/.platformio/packages/toolchain-atmelavr/bin/../lib/gcc/avr/7.3.0/avr5\libgcc.a(_ctors.o)
 .debug_aranges
                0x00000200       0x20 c:/users/aykut/.platformio/packages/toolchain-atmelavr/bin/../lib/gcc/avr/7.3.0/avr5\libgcc.a(_dtors.o)
 .debug_aranges
                0x00000220       0x20 c:/users/aykut/.platformio/packages/toolchain-atmelavr/bin/../lib/gcc/avr/7.3.0/avr5\libgcc.a(_parityhi2.o)
 .debug_aranges
                0x00000240       0x20 c:/users/aykut/.platformio/packages/toolchain-atmelavr/bin/../lib/gcc/avr/7.3.0/avr5\libgcc.a(_adddi3.o)
 .debug_aranges
                0x00000260       0x20 c:/users/aykut/.platformio/packages/toolchain-atmelavr/bin/../lib/gcc/avr/7.3.0/avr5\libgcc.a(_cmpdi2.o)

.debug_pubnames
 *(.debug_pubnames)

.debug_info     0x00000000     0x1890
 *(.debug_info .gnu.linkonce.wi.*)
 .debug_info    0x00000000      0x9f4 c:/users/aykut/.platformio/packages/toolchain-atmelavr/bin/../lib/gcc/avr/7.3.0/../../../../avr/lib/avr5/crtatmega32u4.o
 .debug_info    0x000009f4       0xbb c:/users/aykut/.platformio/packages/toolchain-atmelavr/bin/../lib/gcc/avr/7.3.0/avr5\libgcc.a(_exit.o)
 .debug_info    0x00000aaf       0xbb c:/users/aykut/.platformio/packages/toolchain-atmelavr/bin/../lib/gcc/avr/7.3.0/avr5\libgcc.a(_divmodsi4.o)
 .debug_info    0x00000b6a       0xbb c:/users/aykut/.platformio/packages/toolchain-atmelavr/bin/../lib/gcc/avr/7.3.0/avr5\libgcc.a(_negsi2.o)
 .debug_info    0x00000c25       0xbb c:/users/aykut/.platformio/packages/toolchain-atmelavr/bin/../lib/gcc/avr/7.3.0/avr5\libgcc.a(_copy_data.o)
 .debug_info    0x00000ce0       0xbb c:/users/aykut/.platformio/packages/toolchain-atmelavr/bin/../lib/gcc/avr/7.3.0/avr5\libgcc.a(_clear_bss.o)
 .debug_info    0x00000d9b       0xbb c:/users/aykut/.platformio/packages/toolchain-atmelavr/bin/../lib/gcc/avr/7.3.0/avr5\libgcc.a(_muluhisi3.o)
 .debug_info    0x00000e56       0xbb c:/users/aykut/.platformio/packages/toolchain-atmelavr/bin/../lib/gcc/avr/7.3.0/avr5\libgcc.a(_mulshisi3.o)
 .debug_info    0x00000f11       0xbb c:/users/aykut/.platformio/packages/toolchain-atmelavr/bin/../lib/gcc/avr/7.3.0/avr5\libgcc.a(_prologue.o)
 .debug_info    0x00000fcc       0xbb c:/users/aykut/.platformio/packages/toolchain-atmelavr/bin/../lib/gcc/avr/7.3.0/avr5\libgcc.a(_epilogue.o)
 .debug_info    0x00001087       0xbb c:/users/aykut/.platformio/packages/toolchain-atmelavr/bin/../lib/gcc/avr/7.3.0/avr5\libgcc.a(_udivmodsi4.o)
 .debug_info    0x00001142       0xbb c:/users/aykut/.platformio/packages/toolchain-atmelavr/bin/../lib/gcc/avr/7.3.0/avr5\libgcc.a(_umulhisi3.o)
 .debug_info    0x000011fd       0xbb c:/users/aykut/.platformio/packages/toolchain-atmelavr/bin/../lib/gcc/avr/7.3.0/avr5\libgcc.a(_mulsi3.o)
 .debug_info    0x000012b8       0xbb c:/users/aykut/.platformio/packages/toolchain-atmelavr/bin/../lib/gcc/avr/7.3.0/avr5\libgcc.a(_udivmodhi4.o)
 .debug_info    0x00001373       0xbb c:/users/aykut/.platformio/packages/toolchain-atmelavr/bin/../lib/gcc/avr/7.3.0/avr5\libgcc.a(_divmodhi4.o)
 .debug_info    0x0000142e       0xbb c:/users/aykut/.platformio/packages/toolchain-atmelavr/bin/../lib/gcc/avr/7.3.0/avr5\libgcc.a(_tablejump2.o)
 .debug_info    0x000014e9       0xbb c:/users/aykut/.platformio/packages/toolchain-atmelavr/bin/../lib/gcc/avr/7.3.0/avr5\libgcc.a(_ctors.o)
 .debug_info    0x000015a4       0xbb c:/users/aykut/.platformio/packages/toolchain-atmelavr/bin/../lib/gcc/avr/7.3.0/avr5\libgcc.a(_dtors.o)
 .debug_info    0x0000165f       0xbb c:/users/aykut/.platformio/packages/toolchain-atmelavr/bin/../lib/gcc/avr/7.3.0/avr5\libgcc.a(_parityhi2.o)
 .debug_info    0x0000171a       0xbb c:/users/aykut/.platformio/packages/toolchain-atmelavr/bin/../lib/gcc/avr/7.3.0/avr5\libgcc.a(_adddi3.o)
 .debug_info    0x000017d5       0xbb c:/users/aykut/.platformio/packages/toolchain-atmelavr/bin/../lib/gcc/avr/7.3.0/avr5\libgcc.a(_cmpdi2.o)

.debug_abbrev   0x00000000      0xafa
 *(.debug_abbrev)
 .debug_abbrev  0x00000000      0x96a c:/users/aykut/.platformio/packages/toolchain-atmelavr/bin/../lib/gcc/avr/7.3.0/../../../../avr/lib/avr5/crtatmega32u4.o
 .debug_abbrev  0x0000096a       0x14 c:/users/aykut/.platformio/packages/toolchain-atmelavr/bin/../lib/gcc/avr/7.3.0/avr5\libgcc.a(_exit.o)
 .debug_abbrev  0x0000097e       0x14 c:/users/aykut/.platformio/packages/toolchain-atmelavr/bin/../lib/gcc/avr/7.3.0/avr5\libgcc.a(_divmodsi4.o)
 .debug_abbrev  0x00000992       0x14 c:/users/aykut/.platformio/packages/toolchain-atmelavr/bin/../lib/gcc/avr/7.3.0/avr5\libgcc.a(_negsi2.o)
 .debug_abbrev  0x000009a6       0x14 c:/users/aykut/.platformio/packages/toolchain-atmelavr/bin/../lib/gcc/avr/7.3.0/avr5\libgcc.a(_copy_data.o)
 .debug_abbrev  0x000009ba       0x14 c:/users/aykut/.platformio/packages/toolchain-atmelavr/bin/../lib/gcc/avr/7.3.0/avr5\libgcc.a(_clear_bss.o)
 .debug_abbrev  0x000009ce       0x14 c:/users/aykut/.platformio/packages/toolchain-atmelavr/bin/../lib/gcc/avr/7.3.0/avr5\libgcc.a(_muluhisi3.o)
 .debug_abbrev  0x000009e2       0x14 c:/users/aykut/.platformio/packages/toolchain-atmelavr/bin/../lib/gcc/avr/7.3.0/avr5\libgcc.a(_mulshisi3.o)
 .debug_abbrev  0x000009f6       0x14 c:/users/aykut/.platformio/packages/toolchain-atmelavr/bin/../lib/gcc/avr/7.3.0/avr5\libgcc.a(_prologue.o)
 .debug_abbrev  0x00000a0a       0x14 c:/users/aykut/.platformio/packages/toolchain-atmelavr/bin/../lib/gcc/avr/7.3.0/avr5\libgcc.a(_epilogue.o)
 .debug_abbrev  0x00000a1e       0x14 c:/users/aykut/.platformio/packages/toolchain-atmelavr/bin/../lib/gcc/avr/7.3.0/avr5\libgcc.a(_udivmodsi4.o)
 .debug_abbrev  0x00000a32       0x14 c:/users/aykut/.platformio/packages/toolchain-atmelavr/bin/../lib/gcc/avr/7.3.0/avr5\libgcc.a(_umulhisi3.o)
 .debug_abbrev  0x00000a46       0x14 c:/users/aykut/.platformio/packages/toolchain-atmelavr/bin/../lib/gcc/avr/7.3.0/avr5\libgcc.a(_mulsi3.o)
 .debug_abbrev  0x00000a5a       0x14 c:/users/aykut/.platformio/packages/toolchain-atmelavr/bin/../lib/gcc/avr/7.3.0/avr5\libgcc.a(_udivmodhi4.o)
 .debug_abbrev  0x00000a6e       0x14 c:/users/aykut/.platformio/packages/toolchain-atmelavr/bin/../lib/gcc/avr/7.3.0/avr5\libgcc.a(_divmodhi4.o)
 .debug_abbrev  0x00000a82       0x14 c:/users/aykut/.platformio/packages/toolchain-atmelavr/bin/../lib/gcc/avr/7.3.0/avr5\libgcc.a(_tablejump2.o)
 .debug_abbrev  0x00000a96       0x14 c:/users/aykut/.platformio/packages/toolchain-atmelavr/bin/../lib/gcc/avr/7.3.0/avr5\libgcc.a(_ctors.o)
 .debug_abbrev  0x00000aaa       0x14 c:/users/aykut/.platformio/packages/toolchain-atmelavr/bin/../lib/gcc/avr/7.3.0/avr5\libgcc.a(_dtors.o)
 .debug_abbrev  0x00000abe       0x14 c:/users/aykut/.platformio/packages/toolchain-atmelavr/bin/../lib/gcc/avr/7.3.0/avr5\libgcc.a(_parityhi2.o)
 .debug_abbrev  0x00000ad2       0x14 c:/users/aykut/.platformio/packages/toolchain-atmelavr/bin/../lib/gcc/avr/7.3.0/avr5\libgcc.a(_adddi3.o)
 .debug_abbrev  0x00000ae6       0x14 c:/users/aykut/.platformio/packages/toolchain-atmelavr/bin/../lib/gcc/avr/7.3.0/avr5\libgcc.a(_cmpdi2.o)

.debug_line     0x00000000      0xcf0
 *(.debug_line .debug_line.* .debug_line_end)
 .debug_line    0x00000000       0x1a c:/users/aykut/.platformio/packages/toolchain-atmelavr/bin/../lib/gcc/avr/7.3.0/../../../../avr/lib/avr5/crtatmega32u4.o
 .debug_line    0x0000001a       0x62 c:/users/aykut/.platformio/packages/toolchain-atmelavr/bin/../lib/gcc/avr/7.3.0/avr5\libgcc.a(_exit.o)
 .debug_line    0x0000007c       0xce c:/users/aykut/.platformio/packages/toolchain-atmelavr/bin/../lib/gcc/avr/7.3.0/avr5\libgcc.a(_divmodsi4.o)
 .debug_line    0x0000014a       0x62 c:/users/aykut/.platformio/packages/toolchain-atmelavr/bin/../lib/gcc/avr/7.3.0/avr5\libgcc.a(_negsi2.o)
 .debug_line    0x000001ac       0x98 c:/users/aykut/.platformio/packages/toolchain-atmelavr/bin/../lib/gcc/avr/7.3.0/avr5\libgcc.a(_copy_data.o)
 .debug_line    0x00000244       0x86 c:/users/aykut/.platformio/packages/toolchain-atmelavr/bin/../lib/gcc/avr/7.3.0/avr5\libgcc.a(_clear_bss.o)
 .debug_line    0x000002ca       0x92 c:/users/aykut/.platformio/packages/toolchain-atmelavr/bin/../lib/gcc/avr/7.3.0/avr5\libgcc.a(_muluhisi3.o)
 .debug_line    0x0000035c       0x7a c:/users/aykut/.platformio/packages/toolchain-atmelavr/bin/../lib/gcc/avr/7.3.0/avr5\libgcc.a(_mulshisi3.o)
 .debug_line    0x000003d6       0xfe c:/users/aykut/.platformio/packages/toolchain-atmelavr/bin/../lib/gcc/avr/7.3.0/avr5\libgcc.a(_prologue.o)
 .debug_line    0x000004d4       0xf8 c:/users/aykut/.platformio/packages/toolchain-atmelavr/bin/../lib/gcc/avr/7.3.0/avr5\libgcc.a(_epilogue.o)
 .debug_line    0x000005cc      0x122 c:/users/aykut/.platformio/packages/toolchain-atmelavr/bin/../lib/gcc/avr/7.3.0/avr5\libgcc.a(_udivmodsi4.o)
 .debug_line    0x000006ee       0xb0 c:/users/aykut/.platformio/packages/toolchain-atmelavr/bin/../lib/gcc/avr/7.3.0/avr5\libgcc.a(_umulhisi3.o)
 .debug_line    0x0000079e       0xb0 c:/users/aykut/.platformio/packages/toolchain-atmelavr/bin/../lib/gcc/avr/7.3.0/avr5\libgcc.a(_mulsi3.o)
 .debug_line    0x0000084e       0xce c:/users/aykut/.platformio/packages/toolchain-atmelavr/bin/../lib/gcc/avr/7.3.0/avr5\libgcc.a(_udivmodhi4.o)
 .debug_line    0x0000091c       0xc8 c:/users/aykut/.platformio/packages/toolchain-atmelavr/bin/../lib/gcc/avr/7.3.0/avr5\libgcc.a(_divmodhi4.o)
 .debug_line    0x000009e4       0x7a c:/users/aykut/.platformio/packages/toolchain-atmelavr/bin/../lib/gcc/avr/7.3.0/avr5\libgcc.a(_tablejump2.o)
 .debug_line    0x00000a5e       0x92 c:/users/aykut/.platformio/packages/toolchain-atmelavr/bin/../lib/gcc/avr/7.3.0/avr5\libgcc.a(_ctors.o)
 .debug_line    0x00000af0       0x92 c:/users/aykut/.platformio/packages/toolchain-atmelavr/bin/../lib/gcc/avr/7.3.0/avr5\libgcc.a(_dtors.o)
 .debug_line    0x00000b82       0x9e c:/users/aykut/.platformio/packages/toolchain-atmelavr/bin/../lib/gcc/avr/7.3.0/avr5\libgcc.a(_parityhi2.o)
 .debug_line    0x00000c20       0x68 c:/users/aykut/.platformio/packages/toolchain-atmelavr/bin/../lib/gcc/avr/7.3.0/avr5\libgcc.a(_adddi3.o)
 .debug_line    0x00000c88       0x68 c:/users/aykut/.platformio/packages/toolchain-atmelavr/bin/../lib/gcc/avr/7.3.0/avr5\libgcc.a(_cmpdi2.o)

.debug_frame
 *(.debug_frame)

.debug_str      0x00000000      0x371
 *(.debug_str)
 .debug_str     0x00000000      0x371 c:/users/aykut/.platformio/packages/toolchain-atmelavr/bin/../lib/gcc/avr/7.3.0/../../../../avr/lib/avr5/crtatmega32u4.o

.debug_loc
 *(.debug_loc)

.debug_macinfo
 *(.debug_macinfo)

.debug_weaknames
 *(.debug_weaknames)

.debug_funcnames
 *(.debug_funcnames)

.debug_typenames
 *(.debug_typenames)

.debug_varnames
 *(.debug_varnames)

.debug_pubtypes
 *(.debug_pubtypes)

.debug_ranges
 *(.debug_ranges)

.debug_macro
 *(.debug_macro)
OUTPUT(.pio\build\promicro16\firmware.elf elf32-avr)
LOAD linker stubs
